C:\WorkspaceTVG\TVGWebService\src\main\java\tvg\hpl\hp\com\ws\JerseyClientPost.java
C:\WorkspaceTVG\TVGWebService\src\main\java\tvg\hpl\hp\com\ws\TVGService.java
C:\WorkspaceTVG\TVGWebService\src\main\java\com\hpl\hp\com\dao\HopTwo.java
C:\WorkspaceTVG\TVGWebService\src\main\java\tvg\hpl\hp\com\ws\client\WebServiceClient.java
C:\WorkspaceTVG\TVGWebService\src\main\java\com\hpl\hp\com\dao\HopThree.java
C:\WorkspaceTVG\TVGWebService\src\main\java\com\hpl\hp\com\servlets\TVGServletContextListener.java
C:\WorkspaceTVG\TVGWebService\src\main\java\nl\amis\cinema\view\MovieEvent.java
C:\WorkspaceTVG\TVGWebService\src\main\java\com\hpl\hp\com\dao\StartBfsDao.java
C:\WorkspaceTVG\TVGWebService\src\main\java\com\hpl\hp\com\dao\GetSubGraph.java
C:\WorkspaceTVG\TVGWebService\src\main\java\tvg\hpl\hp\com\ws\ExecuteQuery.java
C:\WorkspaceTVG\TVGWebService\src\main\java\com\hpl\hp\com\dao\HopResult.java
C:\WorkspaceTVG\TVGWebService\src\main\java\tvg\hpl\hp\com\EchoServer.java
C:\WorkspaceTVG\TVGWebService\src\main\java\com\hpl\hp\com\dao\SqlQueryHandler.java
C:\WorkspaceTVG\TVGWebService\src\main\java\com\hpl\hp\com\websocket\push\StartBfsEventSocketClient.java
C:\WorkspaceTVG\TVGWebService\src\main\java\com\hpl\hp\com\bean\StartBfsBean.java
C:\WorkspaceTVG\TVGWebService\src\main\java\tvg\hpl\hp\com\util\DataBaseUtility.java
C:\WorkspaceTVG\TVGWebService\src\main\java\tvg\hpl\hp\com\util\ManageAppProperties.java
C:\WorkspaceTVG\TVGWebService\src\main\java\com\hpl\hp\com\websocket\push\startBfsEventSocketMediator.java
C:\WorkspaceTVG\TVGWebService\src\main\java\tvg\hpl\hp\com\ws\TestResults.java
C:\WorkspaceTVG\TVGWebService\src\main\java\tvg\hpl\hp\com\util\FileHandling.java
C:\WorkspaceTVG\TVGWebService\src\main\java\tvg\hpl\hp\com\MyResource.java
C:\WorkspaceTVG\TVGWebService\src\main\java\tvg\hpl\hp\com\ws\StartBfsService.java
C:\WorkspaceTVG\TVGWebService\src\main\java\com\hpl\hp\com\dao\HopOne.java
C:\WorkspaceTVG\TVGWebService\src\main\java\com\hpl\hp\com\websocket\push\TVGWidget.java
C:\WorkspaceTVG\TVGWebService\src\main\java\tvg\hpl\hp\com\util\ApplicationConstants.java
